[00:51:07] [ServerMain/INFO]: [bootstrap] Running Java 25 (OpenJDK 64-Bit Server VM 25.0.3+9-2-24.04.2-Ubuntu; Ubuntu null) on Linux 6.18.33.2-microsoft-standard-WSL2 (amd64)
[00:51:07] [ServerMain/INFO]: [bootstrap] Loading Paper 26.1.2-74-ver/26.1.2@e4e17fc (2026-07-06T16:51:09Z) for Minecraft 26.1.2
[00:51:08] [ServerMain/INFO]: [PluginInitializerManager] Initializing plugins...
[00:51:08] [ServerMain/INFO]: [PluginInitializerManager] Initialized 1 plugin
[00:51:08] [ServerMain/INFO]: [PluginInitializerManager] Bukkit plugins (1):
 - UploadLabs (1.0.0)
[00:51:12] [ServerMain/INFO]: Environment: Environment[sessionHost=https://sessionserver.mojang.com, servicesHost=https://api.minecraftservices.com, profilesHost=https://api.mojang.com, name=PROD]
[00:51:13] [ServerMain/INFO]: Found new data pack file/bukkit, loading it automatically
[00:51:13] [ServerMain/INFO]: Found new data pack paper, loading it automatically
[00:51:13] [Worker-Main-3/INFO]: No existing world data, creating new world
[00:51:13] [Worker-Main-3/ERROR]: No key layers in MapLike[{}]
[00:51:14] [ServerMain/INFO]: Loaded 1515 recipes
[00:51:14] [ServerMain/INFO]: Loaded 1617 advancements
[00:51:14] [ServerMain/INFO]: [ca.spottedleaf.dataconverter.minecraft.datatypes.MCTypeRegistry] Initialising converters for DataConverter...
[00:51:14] [ServerMain/INFO]: [ca.spottedleaf.dataconverter.minecraft.datatypes.MCTypeRegistry] Finished initialising converters for DataConverter in 309.1ms
[00:51:14] [Server thread/INFO]: Starting minecraft server version 26.1.2
[00:51:14] [Server thread/INFO]: Loading properties
[00:51:14] [Server thread/INFO]: This server is running Paper version 26.1.2-74-ver/26.1.2@e4e17fc (2026-07-06T16:51:09Z) (Implementing API version 26.1.2.build.74-stable)
[00:51:14] [Server thread/INFO]: [spark] This server bundles the spark profiler. For more information please visit https://docs.papermc.io/paper/profiling
[00:51:14] [Server thread/INFO]: Server Ping Player Sample Count: 12
[00:51:14] [Server thread/INFO]: Using 4 threads for Netty based IO
[00:51:15] [Server thread/INFO]: [MoonriseCommon] Paper is using 4 worker threads, 1 I/O threads
[00:51:15] [Server thread/INFO]: Default game type: SURVIVAL
[00:51:15] [Server thread/INFO]: Generating keypair
[00:51:15] [Server thread/INFO]: Starting Minecraft server on *:25565
[00:51:15] [Server thread/INFO]: Paper: Using libdeflate (Linux x86_64) compression from Velocity.
[00:51:15] [Server thread/INFO]: Paper: Using OpenSSL 3.x.x (Linux x86_64) cipher from Velocity.
[00:51:15] [Server thread/INFO]: [UploadLabs] Loading server plugin UploadLabs v1.0.0
[00:51:15] [Server thread/INFO]: Server permissions file permissions.yml is empty, ignoring it
[00:51:15] [Server thread/INFO]: Preparing level "world"
[00:51:15] [Server thread/INFO]: Selecting spawn point for level 'minecraft:overworld'...
[00:51:16] [Server thread/INFO]: Selecting spawn point for level 'minecraft:the_nether'...
[00:51:16] [Server thread/INFO]: Selecting spawn point for level 'minecraft:the_end'...
[00:51:16] [Server thread/INFO]: Loading 0 persistent chunks for level 'minecraft:overworld'...
[00:51:16] [Server thread/INFO]: Preparing spawn area: 100%
[00:51:16] [Server thread/INFO]: Prepared spawn area in 1023 ms
[00:51:16] [Server thread/INFO]: Loading 0 persistent chunks for level 'minecraft:the_nether'...
[00:51:16] [Server thread/INFO]: Preparing spawn area: 100%
[00:51:16] [Server thread/INFO]: Prepared spawn area in 684 ms
[00:51:16] [Server thread/INFO]: Loading 0 persistent chunks for level 'minecraft:the_end'...
[00:51:16] [Server thread/INFO]: Preparing spawn area: 100%
[00:51:16] [Server thread/INFO]: Prepared spawn area in 163 ms
[00:51:16] [Server thread/INFO]: Done preparing level "world" (1.226s)
[00:51:16] [Server thread/INFO]: [UploadLabs] Enabling UploadLabs v1.0.0
[00:51:16] [Server thread/INFO]: [UploadLabs] UploadLabs enabled.
[00:51:16] [Server thread/INFO]: [UploadLabs] Upload folder : /home/dream/github/drive-bot/minecraft_server/plugins/UploadLabs/data
[00:51:16] [Server thread/INFO]: [UploadLabs] Palette size  : 64
[00:51:16] [Server thread/INFO]: [UploadLabs] Bits/block    : 6
[00:51:17] [Server thread/INFO]: [spark] Starting background profiler...
[00:51:17] [Server thread/INFO]: Saving chunks for level 'ServerLevel[world]'/minecraft:overworld
[00:51:17] [Server thread/INFO]: Saving chunks for level 'ServerLevel[world]'/minecraft:the_nether
[00:51:17] [Server thread/INFO]: Saving chunks for level 'ServerLevel[world]'/minecraft:the_end
[00:51:17] [Server thread/INFO]: ThreadedAnvilChunkStorage (world): All chunks are saved
[00:51:17] [Server thread/INFO]: ThreadedAnvilChunkStorage (DIM-1): All chunks are saved
[00:51:17] [Server thread/INFO]: ThreadedAnvilChunkStorage (DIM1): All chunks are saved
[00:51:17] [Server thread/INFO]: ThreadedAnvilChunkStorage: All dimensions are saved
[00:51:17] [Server thread/INFO]: Running delayed init tasks
[00:51:17] [Server thread/INFO]: Done (11.302s)! For help, type "help"
[00:51:19] [Paper Async Task Handler Thread - 1/WARN]: *************************************************************************************
[00:51:19] [Paper Async Task Handler Thread - 1/WARN]: You are running the latest build for your Minecraft version (26.1.2)
[00:51:19] [Paper Async Task Handler Thread - 1/WARN]: However, you are 2 release(s) behind the latest stable release (26.2)!
[00:51:19] [Paper Async Task Handler Thread - 1/WARN]: It is recommended that you update as soon as possible
[00:51:19] [Paper Async Task Handler Thread - 1/WARN]: https://papermc.io/downloads/paper
[00:51:19] [Paper Async Task Handler Thread - 1/WARN]: *************************************************************************************
[00:51:25] [Server thread/INFO]: Stopping the server
[00:51:25] [Server thread/INFO]: Stopping server
[00:51:25] [Server thread/INFO]: [UploadLabs] Disabling UploadLabs v1.0.0
[00:51:25] [Server thread/INFO]: [UploadLabs] UploadLabs disabled.
[00:51:25] [Server thread/INFO]: Saving players
[00:51:25] [Server thread/INFO]: Saving worlds
[00:51:25] [Server thread/INFO]: Saving chunks for level 'ServerLevel[world]'/minecraft:overworld
[00:51:25] [Server thread/INFO]: [ChunkHolderManager] Waiting 60s for chunk system to halt for world 'minecraft:overworld'
[00:51:25] [Server thread/INFO]: [ChunkHolderManager] Halted chunk system for world 'minecraft:overworld'
[00:51:25] [Server thread/INFO]: [ChunkHolderManager] Saving all chunkholders for world 'minecraft:overworld'
[00:51:25] [Server thread/INFO]: [ChunkHolderManager] Saved 0 block chunks, 0 entity chunks, 0 poi chunks in world 'minecraft:overworld' in 0.02s
[00:51:25] [Server thread/INFO]: [ChunkHolderManager] Waiting 60s for chunk I/O to halt for world 'minecraft:overworld'
[00:51:25] [Server thread/INFO]: [ChunkHolderManager] Halted I/O scheduler for world 'minecraft:overworld'
[00:51:25] [Server thread/INFO]: Saving chunks for level 'ServerLevel[world]'/minecraft:the_nether
[00:51:25] [Server thread/INFO]: [ChunkHolderManager] Waiting 60s for chunk system to halt for world 'minecraft:the_nether'
[00:51:25] [Server thread/INFO]: [ChunkHolderManager] Halted chunk system for world 'minecraft:the_nether'
[00:51:25] [Server thread/INFO]: [ChunkHolderManager] Saving all chunkholders for world 'minecraft:the_nether'
[00:51:25] [Server thread/INFO]: [ChunkHolderManager] Saved 0 block chunks, 0 entity chunks, 0 poi chunks in world 'minecraft:the_nether' in 0.02s
[00:51:25] [Server thread/INFO]: [ChunkHolderManager] Waiting 60s for chunk I/O to halt for world 'minecraft:the_nether'
[00:51:25] [Server thread/INFO]: [ChunkHolderManager] Halted I/O scheduler for world 'minecraft:the_nether'
[00:51:25] [Server thread/INFO]: Saving chunks for level 'ServerLevel[world]'/minecraft:the_end
[00:51:25] [Server thread/INFO]: [ChunkHolderManager] Waiting 60s for chunk system to halt for world 'minecraft:the_end'
[00:51:25] [Server thread/INFO]: [ChunkHolderManager] Halted chunk system for world 'minecraft:the_end'
[00:51:25] [Server thread/INFO]: [ChunkHolderManager] Saving all chunkholders for world 'minecraft:the_end'
[00:51:25] [Server thread/INFO]: [ChunkHolderManager] Saved 0 block chunks, 0 entity chunks, 0 poi chunks in world 'minecraft:the_end' in 0.02s
[00:51:25] [Server thread/INFO]: [ChunkHolderManager] Waiting 60s for chunk I/O to halt for world 'minecraft:the_end'
[00:51:25] [Server thread/INFO]: [ChunkHolderManager] Halted I/O scheduler for world 'minecraft:the_end'
[00:51:25] [Server thread/INFO]: ThreadedAnvilChunkStorage (world): All chunks are saved
[00:51:25] [Server thread/INFO]: ThreadedAnvilChunkStorage (DIM-1): All chunks are saved
[00:51:25] [Server thread/INFO]: ThreadedAnvilChunkStorage (DIM1): All chunks are saved
[00:51:25] [Server thread/INFO]: ThreadedAnvilChunkStorage: All dimensions are saved
[00:51:25] [Server thread/INFO]: Waiting for all RegionFile I/O tasks to complete...
[00:51:25] [Server thread/INFO]: All RegionFile I/O tasks to complete
[00:51:25] [Server thread/INFO]: [MoonriseCommon] Awaiting termination of worker pool for up to 60s...
[00:51:25] [Server thread/INFO]: [MoonriseCommon] Awaiting termination of I/O pool for up to 60s...
